app/(tabs)/map.tsx(1826,31): error TS2339: Property 'directoryCollapseHint' does not exist on type '{ container: { flex: number; backgroundColor: string; }; mapTopDock: { position: "absolute"; left: number; right: number; zIndex: number; }; hubSummaryButton: { minHeight: number; borderRadius: number; ... 12 more ...; elevation: number; }; ... 191 more ...; mapActionText: { ...; }; }'.
app/(tabs)/map.tsx(1829,37): error TS2339: Property 'directoryCollapseHintText' does not exist on type '{ container: { flex: number; backgroundColor: string; }; mapTopDock: { position: "absolute"; left: number; right: number; zIndex: number; }; hubSummaryButton: { minHeight: number; borderRadius: number; ... 12 more ...; elevation: number; }; ... 191 more ...; mapActionText: { ...; }; }'.
src/components/CrewMap.web.tsx(667,7): error TS2345: Argument of type '{ map: { backgroundColor: string; overflow: "hidden"; }; grid: { backgroundColor: string; borderColor: string; borderWidth: number; position: "absolute"; left: 0; right: 0; top: 0; bottom: 0; }; blueprintWrap: { ...; }; ... 52 more ...; legendMeta: { ...; }; }' is not assignable to parameter of type '{ map: { backgroundColor: string; overflow: "hidden"; }; grid: { backgroundColor: string; borderColor: string; borderWidth: number; position: "absolute"; left: 0; right: 0; top: 0; bottom: 0; }; blueprintWrap: { ...; }; ... 52 more ...; legendMeta: { ...; }; } & NamedStyles<...>'.
  Property 'mallPinText' is incompatible with index signature.
    Object literal may only specify known properties, and 'whiteSpace' does not exist in type 'ViewStyle | TextStyle | ImageStyle'.
src/utils/mapLocationPresentation.ts(4,7): error TS2739: Type '{ RESTAURANT: string; COFFEE: string; GYM: string; GROCERY: string; NIGHTLIFE: string; SAFE_AREA: string; PHARMACY: string; LOUNGE: string; }' is missing the following properties from type 'Record<LocationType, string>': SHOPPING, SERVICE
src/utils/mapLocationPresentation.ts(15,7): error TS2739: Type '{ RESTAURANT: string; COFFEE: string; GYM: string; GROCERY: string; NIGHTLIFE: string; SAFE_AREA: string; PHARMACY: string; LOUNGE: string; }' is missing the following properties from type 'Record<LocationType, string>': SHOPPING, SERVICE
